Variable from attribute: Example

Variable from locals attribute: bar


Variable from page: maizzle-ci

  Variable from attribute: Nested component

Variable from locals attribute: bar (nested)


Variable from page (nested): maizzle-ci
