    Environment: maizzle-ci

    Front matter variable: Hello
