<!doctype html>
<html>
  <head>
    <style>div {
  margin-top: 1px;
  margin-right: 2px;
  margin-bottom: 3px;
  margin-left: 4px;
}
    </style>
  </head>
  <body>
    <div>test</div>
  </body>
</html>
