<!-- Append -->
<div>testing append</div>
<!-- Prepend -->
<div>testing prepend</div>

<!-- Uppercase -->
<div>TEST</div>
<!-- Lowercase -->
<div>test</div>
<!-- Capitalize -->
<div>Test</div>

<!-- Ceil -->
<div>2</div>
<!-- Floor -->
<div>1</div>
<!-- Round -->
<div>1235</div>

<!-- Escape -->
<div>&#34;&amp;&#39;&lt;&gt;</div>
<!-- Escape Once -->
<div>1 &lt; 2 &amp; 3</div>

<!-- lstrip -->
<div>test   </div>
<!-- rstrip -->
<div>   test</div>
<!-- trim -->
<div>test</div>

<!-- Minus -->
<div>1.02</div>
<!-- Plus -->
<div>5.02</div>
<!-- Times -->
<div>12.08</div>
<!-- Divide -->
<div>6.04</div>
<!-- Modulo -->
<div>1</div>

<!-- Newline to br -->
<div><br>  test<br>  test<br></div>
<!-- Strip newlines -->
<div>  test  test</div>

<!-- Remove -->
<div>I sted to see the t through the </div>
<!-- Remove First -->
<div>I sted to see the train through the rain</div>

<!-- Replace -->
<div>testestest</div>
<!-- Replace First -->
<div>testest</div>

<!-- Size -->
<div>33</div>

<!-- Slice -->
<div>est</div>
<!-- Slice with endIndex -->
<div>tes</div>

<!-- Truncate -->
<div>Ground control to...</div>
<!-- Truncate (do nothing) -->
<div>Ground control to</div>
<!-- Truncate with custom ellipsis -->
<div>Ground control to no one</div>

<!-- Truncate words -->
<div>Ground control...</div>
<!-- Truncate words with custom ellipsis -->
<div>Ground control over and out</div>

<!-- URL decode -->
<div>'Stop!' said Fred</div>
<!-- URL encode -->
<div>user%40example.com</div>
